Time resolution is 1 ps
START TEST
Output sample 1 at 106000:
  I[0] expected=0.000000 actual=0.000000 difference=0.000000 tolerance=0.000000 PASS
  I[1] expected=-0.030276 actual=-0.027344 difference=0.002933 tolerance=0.040000 PASS
  I[2] expected=9.983566 actual=10.003906 difference=0.020341 tolerance=0.040000 PASS
  I[3] expected=10.009168 actual=10.003906 difference=0.005262 tolerance=0.040000 PASS
  I[4] expected=0.999986 actual=1.000000 difference=0.000014 tolerance=0.040000 PASS
  I[5] expected=0.001367 actual=0.000000 difference=0.001367 tolerance=0.020000 PASS
  I[6] expected=-0.000397 actual=0.000000 difference=0.000397 tolerance=0.040000 PASS
  I[7] expected=0.000000 actual=0.000000 difference=0.000000 tolerance=0.020000 PASS
Output sample 2 at 116000:
  I[0] expected=100.000000 actual=100.000000 difference=0.000000 tolerance=0.000000 PASS
  I[1] expected=-0.030276 actual=-0.027344 difference=0.002933 tolerance=0.040000 PASS
  I[2] expected=9.983566 actual=10.003906 difference=0.020341 tolerance=0.040000 PASS
  I[3] expected=10.009168 actual=10.003906 difference=0.005262 tolerance=0.040000 PASS
  I[4] expected=0.999986 actual=1.000000 difference=0.000014 tolerance=0.040000 PASS
  I[5] expected=0.001367 actual=0.000000 difference=0.001367 tolerance=0.020000 PASS
  I[6] expected=-0.000397 actual=0.000000 difference=0.000397 tolerance=0.040000 PASS
  I[7] expected=0.000000 actual=0.000000 difference=0.000000 tolerance=0.020000 PASS
Output sample 3 at 126000:
  I[0] expected=0.000000 actual=0.000000 difference=0.000000 tolerance=0.000000 PASS
  I[1] expected=-0.030276 actual=-0.027344 difference=0.002933 tolerance=0.040000 PASS
  I[2] expected=9.983566 actual=10.003906 difference=0.020341 tolerance=0.040000 PASS
  I[3] expected=10.009168 actual=10.003906 difference=0.005262 tolerance=0.040000 PASS
  I[4] expected=0.999986 actual=1.000000 difference=0.000014 tolerance=0.040000 PASS
  I[5] expected=0.001367 actual=0.000000 difference=0.001367 tolerance=0.020000 PASS
  I[6] expected=-0.000397 actual=0.000000 difference=0.000397 tolerance=0.040000 PASS
  I[7] expected=0.000000 actual=0.000000 difference=0.000000 tolerance=0.020000 PASS
Output sample 4 at 136000:
  I[0] expected=-50.000000 actual=-50.000000 difference=0.000000 tolerance=0.000000 PASS
  I[1] expected=-0.030276 actual=-0.027344 difference=0.002933 tolerance=0.040000 PASS
  I[2] expected=9.983566 actual=10.003906 difference=0.020341 tolerance=0.040000 PASS
  I[3] expected=10.009168 actual=10.003906 difference=0.005262 tolerance=0.040000 PASS
  I[4] expected=0.999986 actual=1.000000 difference=0.000014 tolerance=0.040000 PASS
  I[5] expected=0.001367 actual=0.000000 difference=0.001367 tolerance=0.020000 PASS
  I[6] expected=-0.000397 actual=0.000000 difference=0.000397 tolerance=0.040000 PASS
  I[7] expected=0.000000 actual=0.000000 difference=0.000000 tolerance=0.020000 PASS
Output sample 5 at 146000:
  I[0] expected=25.000000 actual=25.000000 difference=0.000000 tolerance=0.000000 PASS
  I[1] expected=-0.030276 actual=-0.027344 difference=0.002933 tolerance=0.040000 PASS
  I[2] expected=9.983566 actual=10.003906 difference=0.020341 tolerance=0.040000 PASS
  I[3] expected=10.009168 actual=10.003906 difference=0.005262 tolerance=0.040000 PASS
  I[4] expected=0.999986 actual=1.000000 difference=0.000014 tolerance=0.040000 PASS
  I[5] expected=0.001367 actual=0.000000 difference=0.001367 tolerance=0.020000 PASS
  I[6] expected=-0.000397 actual=0.000000 difference=0.000397 tolerance=0.040000 PASS
  I[7] expected=0.000000 actual=0.000000 difference=0.000000 tolerance=0.020000 PASS
Output sample 6 at 156000:
  I[0] expected=-1.000000 actual=-1.000000 difference=0.000000 tolerance=0.000000 PASS
  I[1] expected=-0.030276 actual=-0.027344 difference=0.002933 tolerance=0.040000 PASS
  I[2] expected=9.983566 actual=10.003906 difference=0.020341 tolerance=0.040000 PASS
  I[3] expected=10.009168 actual=10.003906 difference=0.005262 tolerance=0.040000 PASS
  I[4] expected=0.999986 actual=1.000000 difference=0.000014 tolerance=0.040000 PASS
  I[5] expected=0.001367 actual=0.000000 difference=0.001367 tolerance=0.020000 PASS
  I[6] expected=-0.000397 actual=0.000000 difference=0.000397 tolerance=0.040000 PASS
  I[7] expected=0.000000 actual=0.000000 difference=0.000000 tolerance=0.020000 PASS
Output sample 7 at 166000:
  I[0] expected=75.000000 actual=75.000000 difference=0.000000 tolerance=0.000000 PASS
  I[1] expected=-0.030276 actual=-0.027344 difference=0.002933 tolerance=0.040000 PASS
  I[2] expected=9.983566 actual=10.003906 difference=0.020341 tolerance=0.040000 PASS
  I[3] expected=10.009168 actual=10.003906 difference=0.005262 tolerance=0.040000 PASS
  I[4] expected=0.999986 actual=1.000000 difference=0.000014 tolerance=0.040000 PASS
  I[5] expected=0.001367 actual=0.000000 difference=0.001367 tolerance=0.020000 PASS
  I[6] expected=-0.000397 actual=0.000000 difference=0.000397 tolerance=0.040000 PASS
  I[7] expected=0.000000 actual=0.000000 difference=0.000000 tolerance=0.020000 PASS
Output sample 8 at 176000:
  I[0] expected=100.000000 actual=100.000000 difference=0.000000 tolerance=0.000000 PASS
  I[1] expected=-0.030276 actual=-0.027344 difference=0.002933 tolerance=0.040000 PASS
  I[2] expected=9.983566 actual=10.003906 difference=0.020341 tolerance=0.040000 PASS
  I[3] expected=10.009168 actual=10.003906 difference=0.005262 tolerance=0.040000 PASS
  I[4] expected=0.999986 actual=1.000000 difference=0.000014 tolerance=0.040000 PASS
  I[5] expected=0.001367 actual=0.000000 difference=0.001367 tolerance=0.020000 PASS
  I[6] expected=-0.000397 actual=0.000000 difference=0.000397 tolerance=0.040000 PASS
  I[7] expected=0.000000 actual=0.000000 difference=0.000000 tolerance=0.020000 PASS
Output sample 9 at 186000:
  I[0] expected=0.000000 actual=0.000000 difference=0.000000 tolerance=0.000000 PASS
  I[1] expected=-0.030276 actual=-0.027344 difference=0.002933 tolerance=0.040000 PASS
  I[2] expected=9.983566 actual=10.003906 difference=0.020341 tolerance=0.040000 PASS
  I[3] expected=10.009168 actual=10.003906 difference=0.005262 tolerance=0.040000 PASS
  I[4] expected=0.999986 actual=1.000000 difference=0.000014 tolerance=0.040000 PASS
  I[5] expected=0.001367 actual=0.000000 difference=0.001367 tolerance=0.020000 PASS
  I[6] expected=-0.000397 actual=0.000000 difference=0.000397 tolerance=0.040000 PASS
  I[7] expected=0.000000 actual=0.000000 difference=0.000000 tolerance=0.020000 PASS
Output sample 10 at 196000:
  I[0] expected=-50.000000 actual=-50.000000 difference=0.000000 tolerance=0.000000 PASS
  I[1] expected=-0.030276 actual=-0.027344 difference=0.002933 tolerance=0.040000 PASS
  I[2] expected=9.983566 actual=10.003906 difference=0.020341 tolerance=0.040000 PASS
  I[3] expected=10.009168 actual=10.003906 difference=0.005262 tolerance=0.040000 PASS
  I[4] expected=0.999986 actual=1.000000 difference=0.000014 tolerance=0.040000 PASS
  I[5] expected=0.001367 actual=0.000000 difference=0.001367 tolerance=0.020000 PASS
  I[6] expected=-0.000397 actual=0.000000 difference=0.000397 tolerance=0.040000 PASS
  I[7] expected=0.000000 actual=0.000000 difference=0.000000 tolerance=0.020000 PASS
Output sample 11 at 206000:
  I[0] expected=25.000000 actual=25.000000 difference=0.000000 tolerance=0.000000 PASS
  I[1] expected=-0.030276 actual=-0.027344 difference=0.002933 tolerance=0.040000 PASS
  I[2] expected=9.983566 actual=10.003906 difference=0.020341 tolerance=0.040000 PASS
  I[3] expected=10.009168 actual=10.003906 difference=0.005262 tolerance=0.040000 PASS
  I[4] expected=0.999986 actual=1.000000 difference=0.000014 tolerance=0.040000 PASS
  I[5] expected=0.001367 actual=0.000000 difference=0.001367 tolerance=0.020000 PASS
  I[6] expected=-0.000397 actual=0.000000 difference=0.000397 tolerance=0.040000 PASS
  I[7] expected=0.000000 actual=0.000000 difference=0.000000 tolerance=0.020000 PASS
Output sample 12 at 216000:
  I[0] expected=-1.000000 actual=-1.000000 difference=0.000000 tolerance=0.000000 PASS
  I[1] expected=-0.030276 actual=-0.027344 difference=0.002933 tolerance=0.040000 PASS
  I[2] expected=9.983566 actual=10.003906 difference=0.020341 tolerance=0.040000 PASS
  I[3] expected=10.009168 actual=10.003906 difference=0.005262 tolerance=0.040000 PASS
  I[4] expected=0.999986 actual=1.000000 difference=0.000014 tolerance=0.040000 PASS
  I[5] expected=0.001367 actual=0.000000 difference=0.001367 tolerance=0.020000 PASS
  I[6] expected=-0.000397 actual=0.000000 difference=0.000397 tolerance=0.040000 PASS
  I[7] expected=0.000000 actual=0.000000 difference=0.000000 tolerance=0.020000 PASS
Output sample 13 at 226000:
  I[0] expected=75.000000 actual=75.000000 difference=0.000000 tolerance=0.000000 PASS
  I[1] expected=-0.030276 actual=-0.027344 difference=0.002933 tolerance=0.040000 PASS
  I[2] expected=9.983566 actual=10.003906 difference=0.020341 tolerance=0.040000 PASS
  I[3] expected=10.009168 actual=10.003906 difference=0.005262 tolerance=0.040000 PASS
  I[4] expected=0.999986 actual=1.000000 difference=0.000014 tolerance=0.040000 PASS
  I[5] expected=0.001367 actual=0.000000 difference=0.001367 tolerance=0.020000 PASS
  I[6] expected=-0.000397 actual=0.000000 difference=0.000397 tolerance=0.040000 PASS
  I[7] expected=0.000000 actual=0.000000 difference=0.000000 tolerance=0.020000 PASS
Output sample 14 at 236000:
  I[0] expected=100.000000 actual=100.000000 difference=0.000000 tolerance=0.000000 PASS
  I[1] expected=-0.030276 actual=-0.027344 difference=0.002933 tolerance=0.040000 PASS
  I[2] expected=9.983566 actual=10.003906 difference=0.020341 tolerance=0.040000 PASS
  I[3] expected=10.009168 actual=10.003906 difference=0.005262 tolerance=0.040000 PASS
  I[4] expected=0.999986 actual=1.000000 difference=0.000014 tolerance=0.040000 PASS
  I[5] expected=0.001367 actual=0.000000 difference=0.001367 tolerance=0.020000 PASS
  I[6] expected=-0.000397 actual=0.000000 difference=0.000397 tolerance=0.040000 PASS
  I[7] expected=0.000000 actual=0.000000 difference=0.000000 tolerance=0.020000 PASS
Output sample 15 at 246000:
  I[0] expected=0.000000 actual=0.000000 difference=0.000000 tolerance=0.000000 PASS
  I[1] expected=-0.030276 actual=-0.027344 difference=0.002933 tolerance=0.040000 PASS
  I[2] expected=9.983566 actual=10.003906 difference=0.020341 tolerance=0.040000 PASS
  I[3] expected=10.009168 actual=10.003906 difference=0.005262 tolerance=0.040000 PASS
  I[4] expected=0.999986 actual=1.000000 difference=0.000014 tolerance=0.040000 PASS
  I[5] expected=0.001367 actual=0.000000 difference=0.001367 tolerance=0.020000 PASS
  I[6] expected=-0.000397 actual=0.000000 difference=0.000397 tolerance=0.040000 PASS
  I[7] expected=0.000000 actual=0.000000 difference=0.000000 tolerance=0.020000 PASS
Output sample 16 at 256000:
  I[0] expected=-50.000000 actual=-50.000000 difference=0.000000 tolerance=0.000000 PASS
  I[1] expected=-0.030276 actual=-0.027344 difference=0.002933 tolerance=0.040000 PASS
  I[2] expected=9.983566 actual=10.003906 difference=0.020341 tolerance=0.040000 PASS
  I[3] expected=10.009168 actual=10.003906 difference=0.005262 tolerance=0.040000 PASS
  I[4] expected=0.999986 actual=1.000000 difference=0.000014 tolerance=0.040000 PASS
  I[5] expected=0.001367 actual=0.000000 difference=0.001367 tolerance=0.020000 PASS
  I[6] expected=-0.000397 actual=0.000000 difference=0.000397 tolerance=0.040000 PASS
  I[7] expected=0.000000 actual=0.000000 difference=0.000000 tolerance=0.020000 PASS
Output sample 17 at 266000:
  I[0] expected=25.000000 actual=25.000000 difference=0.000000 tolerance=0.000000 PASS
  I[1] expected=-0.030276 actual=-0.027344 difference=0.002933 tolerance=0.040000 PASS
  I[2] expected=9.983566 actual=10.003906 difference=0.020341 tolerance=0.040000 PASS
  I[3] expected=10.009168 actual=10.003906 difference=0.005262 tolerance=0.040000 PASS
  I[4] expected=0.999986 actual=1.000000 difference=0.000014 tolerance=0.040000 PASS
  I[5] expected=0.001367 actual=0.000000 difference=0.001367 tolerance=0.020000 PASS
  I[6] expected=-0.000397 actual=0.000000 difference=0.000397 tolerance=0.040000 PASS
  I[7] expected=0.000000 actual=0.000000 difference=0.000000 tolerance=0.020000 PASS
Output sample 18 at 276000:
  I[0] expected=-1.000000 actual=-1.000000 difference=0.000000 tolerance=0.000000 PASS
  I[1] expected=-0.030276 actual=-0.027344 difference=0.002933 tolerance=0.040000 PASS
  I[2] expected=9.983566 actual=10.003906 difference=0.020341 tolerance=0.040000 PASS
  I[3] expected=10.009168 actual=10.003906 difference=0.005262 tolerance=0.040000 PASS
  I[4] expected=0.999986 actual=1.000000 difference=0.000014 tolerance=0.040000 PASS
  I[5] expected=0.001367 actual=0.000000 difference=0.001367 tolerance=0.020000 PASS
  I[6] expected=-0.000397 actual=0.000000 difference=0.000397 tolerance=0.040000 PASS
  I[7] expected=0.000000 actual=0.000000 difference=0.000000 tolerance=0.020000 PASS
Output sample 19 at 286000:
  I[0] expected=75.000000 actual=75.000000 difference=0.000000 tolerance=0.000000 PASS
  I[1] expected=-0.030276 actual=-0.027344 difference=0.002933 tolerance=0.040000 PASS
  I[2] expected=9.983566 actual=10.003906 difference=0.020341 tolerance=0.040000 PASS
  I[3] expected=10.009168 actual=10.003906 difference=0.005262 tolerance=0.040000 PASS
  I[4] expected=0.999986 actual=1.000000 difference=0.000014 tolerance=0.040000 PASS
  I[5] expected=0.001367 actual=0.000000 difference=0.001367 tolerance=0.020000 PASS
  I[6] expected=-0.000397 actual=0.000000 difference=0.000397 tolerance=0.040000 PASS
  I[7] expected=0.000000 actual=0.000000 difference=0.000000 tolerance=0.020000 PASS
Output sample 20 at 296000:
  I[0] expected=100.000000 actual=100.000000 difference=0.000000 tolerance=0.000000 PASS
  I[1] expected=-0.030276 actual=-0.027344 difference=0.002933 tolerance=0.040000 PASS
  I[2] expected=9.983566 actual=10.003906 difference=0.020341 tolerance=0.040000 PASS
  I[3] expected=10.009168 actual=10.003906 difference=0.005262 tolerance=0.040000 PASS
  I[4] expected=0.999986 actual=1.000000 difference=0.000014 tolerance=0.040000 PASS
  I[5] expected=0.001367 actual=0.000000 difference=0.001367 tolerance=0.020000 PASS
  I[6] expected=-0.000397 actual=0.000000 difference=0.000397 tolerance=0.040000 PASS
  I[7] expected=0.000000 actual=0.000000 difference=0.000000 tolerance=0.020000 PASS
Output sample 21 at 306000:
  I[0] expected=0.000000 actual=0.000000 difference=0.000000 tolerance=0.000000 PASS
  I[1] expected=-0.030276 actual=-0.027344 difference=0.002933 tolerance=0.040000 PASS
  I[2] expected=9.983566 actual=10.003906 difference=0.020341 tolerance=0.040000 PASS
  I[3] expected=10.009168 actual=10.003906 difference=0.005262 tolerance=0.040000 PASS
  I[4] expected=0.999986 actual=1.000000 difference=0.000014 tolerance=0.040000 PASS
  I[5] expected=0.001367 actual=0.000000 difference=0.001367 tolerance=0.020000 PASS
  I[6] expected=-0.000397 actual=0.000000 difference=0.000397 tolerance=0.040000 PASS
  I[7] expected=0.000000 actual=0.000000 difference=0.000000 tolerance=0.020000 PASS
Output sample 22 at 316000:
  I[0] expected=-50.000000 actual=-50.000000 difference=0.000000 tolerance=0.000000 PASS
  I[1] expected=-0.030276 actual=-0.027344 difference=0.002933 tolerance=0.040000 PASS
  I[2] expected=9.983566 actual=10.003906 difference=0.020341 tolerance=0.040000 PASS
  I[3] expected=10.009168 actual=10.003906 difference=0.005262 tolerance=0.040000 PASS
  I[4] expected=0.999986 actual=1.000000 difference=0.000014 tolerance=0.040000 PASS
  I[5] expected=0.001367 actual=0.000000 difference=0.001367 tolerance=0.020000 PASS
  I[6] expected=-0.000397 actual=0.000000 difference=0.000397 tolerance=0.040000 PASS
  I[7] expected=0.000000 actual=0.000000 difference=0.000000 tolerance=0.020000 PASS
Output sample 23 at 326000:
  I[0] expected=25.000000 actual=25.000000 difference=0.000000 tolerance=0.000000 PASS
  I[1] expected=-0.030276 actual=-0.027344 difference=0.002933 tolerance=0.040000 PASS
  I[2] expected=9.983566 actual=10.003906 difference=0.020341 tolerance=0.040000 PASS
  I[3] expected=10.009168 actual=10.003906 difference=0.005262 tolerance=0.040000 PASS
  I[4] expected=0.999986 actual=1.000000 difference=0.000014 tolerance=0.040000 PASS
  I[5] expected=0.001367 actual=0.000000 difference=0.001367 tolerance=0.020000 PASS
  I[6] expected=-0.000397 actual=0.000000 difference=0.000397 tolerance=0.040000 PASS
  I[7] expected=0.000000 actual=0.000000 difference=0.000000 tolerance=0.020000 PASS
Output sample 24 at 336000:
  I[0] expected=-1.000000 actual=-1.000000 difference=0.000000 tolerance=0.000000 PASS
  I[1] expected=-0.030276 actual=-0.027344 difference=0.002933 tolerance=0.040000 PASS
  I[2] expected=9.983566 actual=10.003906 difference=0.020341 tolerance=0.040000 PASS
  I[3] expected=10.009168 actual=10.003906 difference=0.005262 tolerance=0.040000 PASS
  I[4] expected=0.999986 actual=1.000000 difference=0.000014 tolerance=0.040000 PASS
  I[5] expected=0.001367 actual=0.000000 difference=0.001367 tolerance=0.020000 PASS
  I[6] expected=-0.000397 actual=0.000000 difference=0.000397 tolerance=0.040000 PASS
  I[7] expected=0.000000 actual=0.000000 difference=0.000000 tolerance=0.020000 PASS
Output sample 25 at 346000:
  I[0] expected=75.000000 actual=75.000000 difference=0.000000 tolerance=0.000000 PASS
  I[1] expected=-0.030276 actual=-0.027344 difference=0.002933 tolerance=0.040000 PASS
  I[2] expected=9.983566 actual=10.003906 difference=0.020341 tolerance=0.040000 PASS
  I[3] expected=10.009168 actual=10.003906 difference=0.005262 tolerance=0.040000 PASS
  I[4] expected=0.999986 actual=1.000000 difference=0.000014 tolerance=0.040000 PASS
  I[5] expected=0.001367 actual=0.000000 difference=0.001367 tolerance=0.020000 PASS
  I[6] expected=-0.000397 actual=0.000000 difference=0.000397 tolerance=0.040000 PASS
  I[7] expected=0.000000 actual=0.000000 difference=0.000000 tolerance=0.020000 PASS
Output sample 26 at 356000:
  I[0] expected=0.000000 actual=0.000000 difference=0.000000 tolerance=0.000000 PASS
  I[1] expected=-0.030276 actual=-0.027344 difference=0.002933 tolerance=0.040000 PASS
  I[2] expected=9.983566 actual=10.003906 difference=0.020341 tolerance=0.040000 PASS
  I[3] expected=10.009168 actual=10.003906 difference=0.005262 tolerance=0.040000 PASS
  I[4] expected=0.999986 actual=1.000000 difference=0.000014 tolerance=0.040000 PASS
  I[5] expected=0.001367 actual=0.000000 difference=0.001367 tolerance=0.020000 PASS
  I[6] expected=-0.000397 actual=0.000000 difference=0.000397 tolerance=0.040000 PASS
  I[7] expected=0.000000 actual=0.000000 difference=0.000000 tolerance=0.020000 PASS
Output sample 27 at 366000:
  I[0] expected=0.000000 actual=0.000000 difference=0.000000 tolerance=0.000000 PASS
  I[1] expected=-0.030276 actual=-0.027344 difference=0.002933 tolerance=0.040000 PASS
  I[2] expected=9.983566 actual=10.003906 difference=0.020341 tolerance=0.040000 PASS
  I[3] expected=10.009168 actual=10.003906 difference=0.005262 tolerance=0.040000 PASS
  I[4] expected=0.999986 actual=1.000000 difference=0.000014 tolerance=0.040000 PASS
  I[5] expected=0.001367 actual=0.000000 difference=0.001367 tolerance=0.020000 PASS
  I[6] expected=-0.000397 actual=0.000000 difference=0.000397 tolerance=0.040000 PASS
  I[7] expected=0.000000 actual=0.000000 difference=0.000000 tolerance=0.020000 PASS
Output sample 28 at 376000:
  I[0] expected=0.000000 actual=0.000000 difference=0.000000 tolerance=0.000000 PASS
  I[1] expected=-0.030276 actual=-0.027344 difference=0.002933 tolerance=0.040000 PASS
  I[2] expected=9.983566 actual=10.003906 difference=0.020341 tolerance=0.040000 PASS
  I[3] expected=10.009168 actual=10.003906 difference=0.005262 tolerance=0.040000 PASS
  I[4] expected=0.999986 actual=1.000000 difference=0.000014 tolerance=0.040000 PASS
  I[5] expected=0.001367 actual=0.000000 difference=0.001367 tolerance=0.020000 PASS
  I[6] expected=-0.000397 actual=0.000000 difference=0.000397 tolerance=0.040000 PASS
  I[7] expected=0.000000 actual=0.000000 difference=0.000000 tolerance=0.020000 PASS
Output sample 29 at 386000:
  I[0] expected=0.000000 actual=0.000000 difference=0.000000 tolerance=0.000000 PASS
  I[1] expected=-0.030276 actual=-0.027344 difference=0.002933 tolerance=0.040000 PASS
  I[2] expected=9.983566 actual=10.003906 difference=0.020341 tolerance=0.040000 PASS
  I[3] expected=10.009168 actual=10.003906 difference=0.005262 tolerance=0.040000 PASS
  I[4] expected=0.999986 actual=1.000000 difference=0.000014 tolerance=0.040000 PASS
  I[5] expected=0.001367 actual=0.000000 difference=0.001367 tolerance=0.020000 PASS
  I[6] expected=-0.000397 actual=0.000000 difference=0.000397 tolerance=0.040000 PASS
  I[7] expected=0.000000 actual=0.000000 difference=0.000000 tolerance=0.020000 PASS
PASS: checked all eight equations at the initial state on 29 valid output samples
neuron_state_variables[0] = -2.830900 I[1] = -0.027344
$finish called at time : 390 ns : File "C:/Users/Decla/Desktop/Year 4 project/scalable_digital_neurons/sim/mut/single_neuron/tb_single_neuron.sv" Line 176
